// Jest Snapshot v1, https://goo.gl/fbAQLP

exports[`Logo renders correctly 1`] = `
<div
  className="className"
>
  <a
    data-cy="navBarLinkLogo"
    href="/"
  >
    <img
      alt="alt"
      src="src"
    />
  </a>
</div>
`;
