// Jest Snapshot v1, https://goo.gl/fbAQLP

exports[`Layout renders correctly 1`] = `
<main>
  <head>
    <title>
      SEO
    </title>
  </head>
  <nav />
  <div>
    children
  </div>
  <footer />
</main>
`;
