// Jest Snapshot v1, https://jestjs.io/docs/snapshot-testing

exports[`DefaultPagePreview renders correctly 1`] = `
[
  <header />,
  <section
    className="section"
  >
    <div
      className="container"
    >
      <div
        className="row"
      >
        <div
          className="col-12"
        >
          <div>
            content
          </div>
        </div>
      </div>
    </div>
  </section>,
]
`;
