// Jest Snapshot v1, https://jestjs.io/docs/snapshot-testing

exports[`StartPagePreview renders correctly 1`] = `
[
  <header
    className="startHeader"
  >
    <img
      alt="alt"
      src="src"
    />
    <div
      className="startHeader__content"
    >
      <div
        className="container"
      >
        <div
          className="startHeader__contentInner"
        >
          <h1
            className="display-1"
          >
            title
          </h1>
          <p
            className="lead"
          >
            subtitle
          </p>
        </div>
      </div>
    </div>
  </header>,
  <section
    className="section"
  >
    <div
      className="container"
    >
      <div
        className="row"
      >
        <div
          className="col-12"
        >
          <img
            alt="alt"
            src="src"
          />
        </div>
      </div>
      <div
        className="row"
      >
        <div
          className="col-12"
        >
          <div>
            content
          </div>
          <hr />
        </div>
        <div
          className="col-sm-4 col-12"
          data-cy="startPageLocation"
        >
          <p>
            Location
          </p>
        </div>
        <div
          className="col-sm-4 col-12"
          data-cy="startPageWhat3Words"
        >
          <hr />
          <a
            href="what3WordsAddress"
          >
            <img
              alt="what3WordsIcon"
              src="src"
            />
          </a>
        </div>
        <div
          className="col-sm-4 col-12"
          data-cy="startPageOpeningHours"
        >
          <hr />
          <p>
            Opening Hours
          </p>
        </div>
      </div>
    </div>
  </section>,
]
`;
