// Jest Snapshot v1, https://goo.gl/fbAQLP

exports[`AddressItem renders correctly 1`] = `
[
  "item",
  <br />,
]
`;
